GowinSynthesis start
Running parser ...
Analyzing Verilog file '/home/basar/repositories/TangNano-9K-example/hdmi/src/gowin_clkdiv/gowin_clkdiv.v'
Analyzing Verilog file '/home/basar/repositories/TangNano-9K-example/hdmi/src/gowin_rpll/gowin_rpll.v'
Analyzing Verilog file '/home/basar/repositories/TangNano-9K-example/hdmi/src/hdmi/svo_defines.vh'
Analyzing Verilog file '/home/basar/repositories/TangNano-9K-example/hdmi/src/hdmi/svo_enc.v'
Analyzing included file '/home/basar/repositories/TangNano-9K-example/hdmi/src/hdmi/svo_defines.vh'("/home/basar/repositories/TangNano-9K-example/hdmi/src/hdmi/svo_enc.v":21)
Back to file '/home/basar/repositories/TangNano-9K-example/hdmi/src/hdmi/svo_enc.v'("/home/basar/repositories/TangNano-9K-example/hdmi/src/hdmi/svo_enc.v":21)
Analyzing Verilog file '/home/basar/repositories/TangNano-9K-example/hdmi/src/hdmi/svo_openldi.v'
Analyzing included file '/home/basar/repositories/TangNano-9K-example/hdmi/src/hdmi/svo_defines.vh'("/home/basar/repositories/TangNano-9K-example/hdmi/src/hdmi/svo_openldi.v":21)
Back to file '/home/basar/repositories/TangNano-9K-example/hdmi/src/hdmi/svo_openldi.v'("/home/basar/repositories/TangNano-9K-example/hdmi/src/hdmi/svo_openldi.v":21)
Analyzing Verilog file '/home/basar/repositories/TangNano-9K-example/hdmi/src/hdmi/svo_tcard.v'
Analyzing included file '/home/basar/repositories/TangNano-9K-example/hdmi/src/hdmi/svo_defines.vh'("/home/basar/repositories/TangNano-9K-example/hdmi/src/hdmi/svo_tcard.v":21)
Back to file '/home/basar/repositories/TangNano-9K-example/hdmi/src/hdmi/svo_tcard.v'("/home/basar/repositories/TangNano-9K-example/hdmi/src/hdmi/svo_tcard.v":21)
Analyzing Verilog file '/home/basar/repositories/TangNano-9K-example/hdmi/src/hdmi/svo_term.v'
Analyzing included file '/home/basar/repositories/TangNano-9K-example/hdmi/src/hdmi/svo_defines.vh'("/home/basar/repositories/TangNano-9K-example/hdmi/src/hdmi/svo_term.v":21)
Back to file '/home/basar/repositories/TangNano-9K-example/hdmi/src/hdmi/svo_term.v'("/home/basar/repositories/TangNano-9K-example/hdmi/src/hdmi/svo_term.v":21)
Analyzing Verilog file '/home/basar/repositories/TangNano-9K-example/hdmi/src/hdmi/svo_tmds.v'
Analyzing included file '/home/basar/repositories/TangNano-9K-example/hdmi/src/hdmi/svo_defines.vh'("/home/basar/repositories/TangNano-9K-example/hdmi/src/hdmi/svo_tmds.v":21)
Back to file '/home/basar/repositories/TangNano-9K-example/hdmi/src/hdmi/svo_tmds.v'("/home/basar/repositories/TangNano-9K-example/hdmi/src/hdmi/svo_tmds.v":21)
Analyzing Verilog file '/home/basar/repositories/TangNano-9K-example/hdmi/src/hdmi/svo_utils.v'
Analyzing included file '/home/basar/repositories/TangNano-9K-example/hdmi/src/hdmi/svo_defines.vh'("/home/basar/repositories/TangNano-9K-example/hdmi/src/hdmi/svo_utils.v":21)
Back to file '/home/basar/repositories/TangNano-9K-example/hdmi/src/hdmi/svo_utils.v'("/home/basar/repositories/TangNano-9K-example/hdmi/src/hdmi/svo_utils.v":21)
Analyzing Verilog file '/home/basar/repositories/TangNano-9K-example/hdmi/src/hdmi/svo_vdma.v'
Analyzing included file '/home/basar/repositories/TangNano-9K-example/hdmi/src/hdmi/svo_defines.vh'("/home/basar/repositories/TangNano-9K-example/hdmi/src/hdmi/svo_vdma.v":21)
Back to file '/home/basar/repositories/TangNano-9K-example/hdmi/src/hdmi/svo_vdma.v'("/home/basar/repositories/TangNano-9K-example/hdmi/src/hdmi/svo_vdma.v":21)
Analyzing Verilog file '/home/basar/repositories/TangNano-9K-example/hdmi/src/svo_hdmi.v'
Analyzing included file '/home/basar/repositories/TangNano-9K-example/hdmi/src/hdmi/svo_defines.vh'("/home/basar/repositories/TangNano-9K-example/hdmi/src/svo_hdmi.v":21)
Back to file '/home/basar/repositories/TangNano-9K-example/hdmi/src/svo_hdmi.v'("/home/basar/repositories/TangNano-9K-example/hdmi/src/svo_hdmi.v":21)
Undeclared symbol 'term_out_tready', assumed default net type 'wire'("/home/basar/repositories/TangNano-9K-example/hdmi/src/svo_hdmi.v":97)
Analyzing Verilog file '/home/basar/repositories/TangNano-9K-example/hdmi/src/top.v'
Undeclared symbol 'clk_p5', assumed default net type 'wire'("/home/basar/repositories/TangNano-9K-example/hdmi/src/top.v":13)
Undeclared symbol 'pll_lock', assumed default net type 'wire'("/home/basar/repositories/TangNano-9K-example/hdmi/src/top.v":14)
Undeclared symbol 'clk_p', assumed default net type 'wire'("/home/basar/repositories/TangNano-9K-example/hdmi/src/top.v":18)
Undeclared symbol 'sys_resetn', assumed default net type 'wire'("/home/basar/repositories/TangNano-9K-example/hdmi/src/top.v":24)
Compiling module 'top'("/home/basar/repositories/TangNano-9K-example/hdmi/src/top.v":1)
Compiling module 'Gowin_rPLL'("/home/basar/repositories/TangNano-9K-example/hdmi/src/gowin_rpll/gowin_rpll.v":9)
Compiling module 'Gowin_CLKDIV'("/home/basar/repositories/TangNano-9K-example/hdmi/src/gowin_clkdiv/gowin_clkdiv.v":9)
Compiling module 'Reset_Sync'("/home/basar/repositories/TangNano-9K-example/hdmi/src/top.v":47)
WARN  (EX3073) : Port 'in_axis_tvalid' remains unconnected for this instance("/home/basar/repositories/TangNano-9K-example/hdmi/src/svo_hdmi.v":100)
Compiling module 'svo_hdmi'("/home/basar/repositories/TangNano-9K-example/hdmi/src/svo_hdmi.v":23)
WARN  (EX3791) : Expression size 5 truncated to fit in target size 4("/home/basar/repositories/TangNano-9K-example/hdmi/src/svo_hdmi.v":77)
WARN  (EX3791) : Expression size 5 truncated to fit in target size 4("/home/basar/repositories/TangNano-9K-example/hdmi/src/svo_hdmi.v":80)
Compiling module 'svo_term(SVO_MODE="640x480V")'("/home/basar/repositories/TangNano-9K-example/hdmi/src/hdmi/svo_term.v":23)
Extracting RAM for identifier 'mem'("/home/basar/repositories/TangNano-9K-example/hdmi/src/hdmi/svo_term.v":64)
WARN  (EX3045) : Case equality operator always evaluates to false due to comparison with 'x' or 'z'("/home/basar/repositories/TangNano-9K-example/hdmi/src/hdmi/svo_term.v":54)
ERROR (EX3784) : Index 2048 is out of range [0:2047] for 'mem'("/home/basar/repositories/TangNano-9K-example/hdmi/src/hdmi/svo_term.v":78)
Module 'svo_term' remains a black box due to errors in its contents("/home/basar/repositories/TangNano-9K-example/hdmi/src/hdmi/svo_term.v":23)
Compiling module 'svo_overlay(SVO_MODE="640x480V")'("/home/basar/repositories/TangNano-9K-example/hdmi/src/hdmi/svo_utils.v":250)
WARN  (EX3045) : Case equality operator always evaluates to false due to comparison with 'x' or 'z'("/home/basar/repositories/TangNano-9K-example/hdmi/src/hdmi/svo_utils.v":275)
WARN  (EX3791) : Expression size 2 truncated to fit in target size 1("/home/basar/repositories/TangNano-9K-example/hdmi/src/hdmi/svo_utils.v":303)
Compiling module 'svo_buf(SVO_MODE="640x480V")'("/home/basar/repositories/TangNano-9K-example/hdmi/src/hdmi/svo_utils.v":101)
WARN  (EX3045) : Case equality operator always evaluates to false due to comparison with 'x' or 'z'("/home/basar/repositories/TangNano-9K-example/hdmi/src/hdmi/svo_utils.v":121)
Compiling module 'svo_axis_pipe(TDATA_WIDTH=24)'("/home/basar/repositories/TangNano-9K-example/hdmi/src/hdmi/svo_utils.v":31)
Compiling module 'svo_buf(TUSER_WIDTH=2,SVO_MODE="640x480V")'("/home/basar/repositories/TangNano-9K-example/hdmi/src/hdmi/svo_utils.v":101)
WARN  (EX3045) : Case equality operator always evaluates to false due to comparison with 'x' or 'z'("/home/basar/repositories/TangNano-9K-example/hdmi/src/hdmi/svo_utils.v":121)
Compiling module 'svo_axis_pipe(TDATA_WIDTH=24,TUSER_WIDTH=2)'("/home/basar/repositories/TangNano-9K-example/hdmi/src/hdmi/svo_utils.v":31)
Compiling module 'svo_enc(SVO_MODE="640x480V")'("/home/basar/repositories/TangNano-9K-example/hdmi/src/hdmi/svo_enc.v":23)
Extracting RAM for identifier 'ctrl_fifo'("/home/basar/repositories/TangNano-9K-example/hdmi/src/hdmi/svo_enc.v":48)
Extracting RAM for identifier 'pixel_fifo'("/home/basar/repositories/TangNano-9K-example/hdmi/src/hdmi/svo_enc.v":51)
Extracting RAM for identifier 'out_fifo'("/home/basar/repositories/TangNano-9K-example/hdmi/src/hdmi/svo_enc.v":54)
WARN  (EX3045) : Case equality operator always evaluates to false due to comparison with 'x' or 'z'("/home/basar/repositories/TangNano-9K-example/hdmi/src/hdmi/svo_enc.v":43)
WARN  (EX3791) : Expression size 3 truncated to fit in target size 2("/home/basar/repositories/TangNano-9K-example/hdmi/src/hdmi/svo_enc.v":92)
WARN  (EX3791) : Expression size 15 truncated to fit in target size 14("/home/basar/repositories/TangNano-9K-example/hdmi/src/hdmi/svo_enc.v":96)
WARN  (EX3791) : Expression size 15 truncated to fit in target size 14("/home/basar/repositories/TangNano-9K-example/hdmi/src/hdmi/svo_enc.v":98)
WARN  (EX3791) : Expression size 4 truncated to fit in target size 3("/home/basar/repositories/TangNano-9K-example/hdmi/src/hdmi/svo_enc.v":110)
WARN  (EX3791) : Expression size 4 truncated to fit in target size 3("/home/basar/repositories/TangNano-9K-example/hdmi/src/hdmi/svo_enc.v":125)
WARN  (EX3791) : Expression size 3 truncated to fit in target size 2("/home/basar/repositories/TangNano-9K-example/hdmi/src/hdmi/svo_enc.v":129)
WARN  (EX3791) : Expression size 3 truncated to fit in target size 2("/home/basar/repositories/TangNano-9K-example/hdmi/src/hdmi/svo_enc.v":130)
WARN  (EX3791) : Expression size 3 truncated to fit in target size 2("/home/basar/repositories/TangNano-9K-example/hdmi/src/hdmi/svo_enc.v":133)
WARN  (EX3791) : Expression size 3 truncated to fit in target size 2("/home/basar/repositories/TangNano-9K-example/hdmi/src/hdmi/svo_enc.v":134)
WARN  (EX3791) : Expression size 4 truncated to fit in target size 3("/home/basar/repositories/TangNano-9K-example/hdmi/src/hdmi/svo_enc.v":135)
WARN  (EX3791) : Expression size 3 truncated to fit in target size 2("/home/basar/repositories/TangNano-9K-example/hdmi/src/hdmi/svo_enc.v":155)
WARN  (EX3791) : Expression size 3 truncated to fit in target size 2("/home/basar/repositories/TangNano-9K-example/hdmi/src/hdmi/svo_enc.v":159)
Compiling module 'svo_tmds'("/home/basar/repositories/TangNano-9K-example/hdmi/src/hdmi/svo_tmds.v":23)
GowinSynthesis finish
