@00000000
17 11 00 40 13 01 01 00 EF 00 80 06 6F 00 00 00
13 01 01 FF 23 26 A1 00 83 27 C1 00 13 87 F7 FF
23 26 E1 00 63 8C 07 00 13 00 00 00 83 27 C1 00
13 87 F7 FF 23 26 E1 00 E3 98 07 FE 13 01 01 01
67 80 00 00 B7 07 00 83 23 A0 A7 00 67 80 00 00
83 47 05 00 63 8C 07 00 37 07 00 83 13 05 15 00
23 20 F7 00 83 47 05 00 E3 9A 07 FE 67 80 00 00
93 07 00 10 13 07 30 04 B7 06 00 83 93 87 17 00
23 A0 E6 00 03 C7 07 00 E3 1A 07 FE B7 17 03 00
93 87 F7 D3 13 00 00 00 13 87 07 00 93 87 F7 FF
E3 1A 07 FE 93 06 D0 14 13 07 D0 04 37 06 00 83
B7 27 00 00 23 20 E6 00 93 87 F7 70 13 00 00 00
13 87 07 00 93 87 F7 FF E3 1A 07 FE 03 C7 06 00
93 86 16 00 E3 1E 07 FC 93 07 80 12 13 07 D0 00
B7 06 00 83 93 87 17 00 23 A0 E6 00 03 C7 07 00
E3 1A 07 FE 73 00 50 10 73 00 50 10 6F F0 9F FF
@00000100
43 50 55 20 41 4C 49 56 45 2E 20 53 74 61 72 74
69 6E 67 20 54 79 70 65 77 72 69 74 65 72 2E 2E
2E 0D 0A 0D 0A 00 00 00 0D 0A 0D 0A 4D 65 73 73
61 67 65 20 63 6F 6D 70 6C 65 74 65 2E 20 48 61
6C 74 69 6E 67 2E 0D 0A 00 00 00 00 4D 65 72 68
61 62 61 20 44 C3 BC 6E 79 61 21 20 28 48 65 6C
6C 6F 20 57 6F 72 6C 64 21 29 0D 0A 42 75 20 62
69 72 20 54 61 6E 67 20 4E 61 6E 6F 20 39 4B 20
74 65 73 74 69 64 69 72 2E 0D 0A 0D 0A 54 C3 BC
72 6B C3 A7 65 20 6B 61 72 61 6B 74 65 72 6C 65
72 3A 0D 0A C3 87 20 C3 A7 20 2D 20 C4 9E 20 C4
9F 20 2D 20 C4 B0 20 69 20 2D 20 C4 B1 20 2D 20
C3 96 20 C3 B6 20 2D 20 C5 9E 20 C5 9F 20 2D 20
C3 9C 20 C3 BC 0D 0A 00
